<html>
<body>
<pre>
<h1>µVision Build Log</h1>
<h2>Tool Versions:</h2>
IDE-Version: µVision V5.40.0.0
Copyright (C) 2024 ARM Ltd and ARM Germany GmbH. All rights reserved.
License Information: Tanishq Todkari, VIIT, LIC=----
 
Tool Versions:
Toolchain:       MDK-Lite  Version: 5.40.0.3
Toolchain Path:  C:\Users\Tanishq\AppData\Local\Keil_v5\ARM\ARMCLANG\Bin
C Compiler:      ArmClang.exe V6.22
Assembler:       Armasm.exe V6.22
Linker/Locator:  ArmLink.exe V6.22
Library Manager: ArmAr.exe V6.22
Hex Converter:   FromElf.exe V6.22
CPU DLL:         SARMCM3.DLL V5.40.0.3
Dialog DLL:      DARMSTM.DLL V1.69.1.0
Target DLL:      STLink\ST-LINKIII-KEIL_SWO.dll V3.3.0.0
Dialog DLL:      TCM.DLL V1.56.4.0
 
<h2>Project:</h2>
D:\ALL VIIT\STM32\Projects\Project8_I2C_Comm\Project8_I2C_Comm.uvprojx
Project File Date:  06/14/2024

<h2>Output:</h2>
*** Using Compiler 'V6.22', folder: 'C:\Users\Tanishq\AppData\Local\Keil_v5\ARM\ARMCLANG\Bin'
Rebuild target 'Target 1'
assembling startup_stm32f10x_md.s...
compiling main.c...
gp_drive.c(27): warning: variable 'CR' is used uninitialized whenever 'if' condition is false [-Wsometimes-uninitialized]
   27 |         }else if(port == 3)
      |                  ^~~~~~~~~
gp_drive.c(33): note: uninitialized use occurs here
   33 |         *CR &= ~(0xF<<(tPIN)*4); //Reset target Pin // Just reseting the Mode and CNF value // see explanation in word
      |          ^~
gp_drive.c(27): note: remove the 'if' if its condition is always true
   27 |         }else if(port == 3)
      |               ^~~~~~~~~~~~~
   28 |         {
gp_drive.c(6): note: initialize the variable 'CR' to silence this warning
    6 |         volatile unsigned long * CR; //This is the register we will update wrt input parameters
      |                                    ^
      |                                     = 0
gp_drive.c(50): warning: variable 'IDR' is used uninitialized whenever 'if' condition is false [-Wsometimes-uninitialized]
   50 |         }else if(port == 3)
      |                  ^~~~~~~~~
gp_drive.c(54): note: uninitialized use occurs here
   54 |         state = ((*IDR | (1<<pin))>>pin);  //Checking the status of Pin by using IDR 
      |                    ^~~
gp_drive.c(50): note: remove the 'if' if its condition is always true
   50 |         }else if(port == 3)
      |               ^~~~~~~~~~~~~
   51 |         {
gp_drive.c(40): note: initialize the variable 'IDR' to silence this warning
   40 |         volatile unsigned long * IDR;
      |                                     ^
      |                                      = 0
2 warnings generated.
compiling gp_drive.c...
i2c_drive.c(72): warning: variable 'tmp' set but not used [-Wunused-but-set-variable]
   72 |         volatile int tmp;
      |                      ^
i2c_drive.c(115): warning: variable 'tmp' set but not used [-Wunused-but-set-variable]
  115 |         volatile int tmp;
      |                      ^
2 warnings generated.
compiling i2c_drive.c...
compiling system_stm32f10x.c...
compiling SysTick.c...
linking...
Program Size: Code=2584 RO-data=268 RW-data=4 ZI-data=1632  
".\Objects\Project8_I2C_Comm.axf" - 0 Error(s), 4 Warning(s).

<h2>Software Packages used:</h2>

Package Vendor: ARM
                https://www.keil.com/pack/ARM.CMSIS.6.1.0.pack
                ARM::CMSIS@6.1.0
                CMSIS (Common Microcontroller Software Interface Standard)
   * Component: CORE Version: 6.1.0

Package Vendor: Keil
                https://www.keil.com/pack/Keil.STM32F1xx_DFP.2.4.1.pack
                Keil::STM32F1xx_DFP@2.4.1
                STMicroelectronics STM32F1 Series Device Support, Drivers and Examples
   * Component: Startup Version: 1.0.0

<h2>Collection of Component include folders:</h2>
  ./RTE/Device/STM32F103C8
  ./RTE/_Target_1
  C:/Users/Tanishq/AppData/Local/Arm/Packs/ARM/CMSIS/6.1.0/CMSIS/Core/Include
  C:/Users/Tanishq/AppData/Local/Arm/Packs/Keil/STM32F1xx_DFP/2.4.1/Device/Include

<h2>Collection of Component Files used:</h2>

   * Component: ARM::CMSIS:CORE@6.1.0

   * Component: Keil::Device:Startup@1.0.0
      Source file:   Device/Source/system_stm32f10x.c
      Include file:  RTE_Driver/Config/RTE_Device.h
      Source file:   Device/Source/ARM/STM32F1xx_OPT.s
      Source file:   Device/Source/ARM/startup_stm32f10x_md.s
Build Time Elapsed:  00:00:00
</pre>
</body>
</html>
