<html>
<body>
<pre>
<h1>µVision Build Log</h1>
<h2>Tool Versions:</h2>
IDE-Version: µVision V5.40.0.0
Copyright (C) 2024 ARM Ltd and ARM Germany GmbH. All rights reserved.
License Information: Tanishq Todkari, VIIT, LIC=----
 
Tool Versions:
Toolchain:       MDK-Lite  Version: 5.40.0.3
Toolchain Path:  C:\Users\Tanishq\AppData\Local\Keil_v5\ARM\ARMCLANG\Bin
C Compiler:      ArmClang.exe V6.22
Assembler:       Armasm.exe V6.22
Linker/Locator:  ArmLink.exe V6.22
Library Manager: ArmAr.exe V6.22
Hex Converter:   FromElf.exe V6.22
CPU DLL:         SARMCM3.DLL V5.40.0.3
Dialog DLL:      DARM.DLL
Target DLL:      STLink\ST-LINKIII-KEIL_SWO.dll V3.3.0.0
Dialog DLL:      TCM.DLL V1.56.4.0
 
<h2>Project:</h2>
D:\ALL VIIT\STM32\Projects\Project7_SPI_Comm\Project7_SPI_Comm.uvprojx
Project File Date:  06/13/2024

<h2>Output:</h2>
*** Using Compiler 'V6.22', folder: 'C:\Users\Tanishq\AppData\Local\Keil_v5\ARM\ARMCLANG\Bin'
Build target 'Target 1'
compiling main.c...
SPI_drive.c(178): warning: variable 'rx_char' is used uninitialized whenever 'if' condition is false [-Wsometimes-uninitialized]
  178 |     } else if(spi == 2)
      |               ^~~~~~~~
SPI_drive.c(183): note: uninitialized use occurs here
  183 |     return rx_char;
      |            ^~~~~~~
SPI_drive.c(178): note: remove the 'if' if its condition is always true
  178 |     } else if(spi == 2)
      |            ^~~~~~~~~~~~
  179 |     {
SPI_drive.c(173): note: initialize the variable 'rx_char' to silence this warning
  173 |     char rx_char;
      |                 ^
      |                  = '\0'
1 warning generated.
compiling SPI_drive.c...
linking...
Program Size: Code=2280 RO-data=260 RW-data=0 ZI-data=1632  
".\Objects\Project7_SPI_Comm.axf" - 0 Error(s), 1 Warning(s).

<h2>Software Packages used:</h2>

Package Vendor: ARM
                https://www.keil.com/pack/ARM.CMSIS.6.1.0.pack
                ARM::CMSIS@6.1.0
                CMSIS (Common Microcontroller Software Interface Standard)
   * Component: CORE Version: 6.1.0

Package Vendor: Keil
                https://www.keil.com/pack/Keil.STM32F1xx_DFP.2.4.1.pack
                Keil::STM32F1xx_DFP@2.4.1
                STMicroelectronics STM32F1 Series Device Support, Drivers and Examples
   * Component: Startup Version: 1.0.0

<h2>Collection of Component include folders:</h2>
  ./RTE/Device/STM32F103C8
  ./RTE/_Target_1
  C:/Users/Tanishq/AppData/Local/Arm/Packs/ARM/CMSIS/6.1.0/CMSIS/Core/Include
  C:/Users/Tanishq/AppData/Local/Arm/Packs/Keil/STM32F1xx_DFP/2.4.1/Device/Include

<h2>Collection of Component Files used:</h2>

   * Component: ARM::CMSIS:CORE@6.1.0

   * Component: Keil::Device:Startup@1.0.0
      Source file:   Device/Source/ARM/startup_stm32f10x_md.s
      Include file:  RTE_Driver/Config/RTE_Device.h
      Source file:   Device/Source/system_stm32f10x.c
      Source file:   Device/Source/ARM/STM32F1xx_OPT.s
Build Time Elapsed:  00:00:01
</pre>
</body>
</html>
